
> freelance-pro-backend@1.0.0 start
> node server.js

Connecting to database at mongodb+srv://mpavank226_db_user:pavan3927@cluster0.rhdb7cf.mongodb.net/freelancepro?retryWrites=true&w=majority&appName=Cluster0...

⚠️ Primary MongoDB connection failed (Could not connect to any servers in your MongoDB Atlas cluster. One common reason is that you're trying to access the database from an IP that isn't whitelisted. Make sure your current IP address is on your Atlas cluster's IP whitelist: https://www.mongodb.com/docs/atlas/security-whitelist/).
   Falling back to Memory Server to ensure backend starts up...

✅ MongoDB Memory Server Connected at mongodb://127.0.0.1:51419/
🌱 Seeded default user (`alex@example.com` / `password123`) in memory server.
Server running in development mode on port 5001
[0mGET /api/health [32m200[0m 3.579 ms - 91[0m
[0mGET /api/auth/me [33m401[0m 1.013 ms - 66[0m
[0mGET /api/analytics [33m401[0m 0.695 ms - 66[0m
Status code 401 - Error: Invalid email or password Error: Invalid email or password
    at loginUser (file:///Users/venkataraju/Desktop/freelance-pro-react/backend/controllers/authController.js:79:19)
    at process.processTicksAndRejections (node:internal/process/task_queues:104:5)
[0mPOST /api/auth/login [33m401[0m 5.100 ms - 67[0m
Status code 401 - Error: Invalid email or password Error: Invalid email or password
    at loginUser (file:///Users/venkataraju/Desktop/freelance-pro-react/backend/controllers/authController.js:79:19)
    at process.processTicksAndRejections (node:internal/process/task_queues:104:5)
[0mPOST /api/auth/login [33m401[0m 5.899 ms - 67[0m
[0mPOST /api/auth/register [32m201[0m 76.766 ms - 328[0m
[0mPOST /api/auth/login [32m200[0m 78.920 ms - 316[0m
[0mGET /api/auth/me [32m200[0m 3.629 ms - 664[0m
[0mGET /api/notes [36m304[0m 7.376 ms - -[0m
[0mGET /api/projects?paginate=false [36m304[0m 11.422 ms - -[0m
[0mGET /api/tasks?paginate=false [36m304[0m 9.752 ms - -[0m
[0mGET /api/timer/active [36m304[0m 4.463 ms - -[0m
[0mGET /api/invoices?limit=200 [36m304[0m 16.722 ms - -[0m
[0mGET /api/invoices/summary [36m304[0m 16.436 ms - -[0m
[0mGET /api/meetings [36m304[0m 21.034 ms - -[0m
[0mGET /api/activities [36m304[0m 22.298 ms - -[0m
[0mGET /api/clients?paginate=false [36m304[0m 4.372 ms - -[0m
[0mGET /api/analytics?range=30days&startDate=2026-06-23T18:30:00.000Z&endDate=2026-07-23T18:29:59.999Z [32m200[0m 33.199 ms - -[0m
[0mGET /api/timer/summary [32m200[0m 3.321 ms - 123[0m
[0mGET /api/notifications?page=1&limit=10&search=&sortBy=createdAt&sortOrder=desc&paginate=true [36m304[0m 9.028 ms - -[0m
[0mGET /api/auth/me [36m304[0m 8.902 ms - -[0m
[0mGET /api/auth/me [36m304[0m 1.790 ms - -[0m
[0mGET /api/invoices?limit=200 [36m304[0m 5.847 ms - -[0m
[0mGET /api/projects?paginate=false [36m304[0m 3.880 ms - -[0m
[0mGET /api/tasks?paginate=false [36m304[0m 5.110 ms - -[0m
[0mGET /api/timer/active [36m304[0m 4.522 ms - -[0m
[0mGET /api/analytics?range=30days&startDate=2026-06-23T18:30:00.000Z&endDate=2026-07-23T18:29:59.999Z [36m304[0m 12.988 ms - -[0m
[0mGET /api/invoices/summary [36m304[0m 8.936 ms - -[0m
[0mGET /api/notes [36m304[0m 3.951 ms - -[0m
[0mGET /api/activities [36m304[0m 4.896 ms - -[0m
[0mGET /api/clients?paginate=false [36m304[0m 1.584 ms - -[0m
[0mGET /api/meetings [36m304[0m 2.887 ms - -[0m
[0mGET /api/notifications?page=1&limit=10&search=&sortBy=createdAt&sortOrder=desc&paginate=true [36m304[0m 6.948 ms - -[0m
[0mGET /api/timer/summary [36m304[0m 1.725 ms - -[0m
[0mGET /api/notes [36m304[0m 5.279 ms - -[0m
[0mGET /api/meetings [36m304[0m 5.311 ms - -[0m
[0mGET /api/invoices?limit=200 [36m304[0m 8.546 ms - -[0m
[0mGET /api/clients?paginate=false [36m304[0m 7.717 ms - -[0m
[0mGET /api/invoices/summary [36m304[0m 10.026 ms - -[0m
[0mGET /api/projects?paginate=false [36m304[0m 3.983 ms - -[0m
[0mGET /api/timer/active [36m304[0m 2.630 ms - -[0m
[0mGET /api/tasks?paginate=false [36m304[0m 5.554 ms - -[0m
[0mGET /api/analytics?range=30days&startDate=2026-06-23T18:30:00.000Z&endDate=2026-07-23T18:29:59.999Z [36m304[0m 19.641 ms - -[0m
[0mGET /api/activities [36m304[0m 6.890 ms - -[0m
[0mGET /api/notifications?page=1&limit=10&search=&sortBy=createdAt&sortOrder=desc&paginate=true [36m304[0m 7.006 ms - -[0m
[0mGET /api/timer/summary [36m304[0m 1.643 ms - -[0m
[0mPUT /api/auth/me [32m200[0m 8.891 ms - 658[0m
[0mGET /api/notes [36m304[0m 4.903 ms - -[0m
[0mGET /api/invoices?limit=200 [36m304[0m 7.434 ms - -[0m
[0mGET /api/meetings [36m304[0m 7.206 ms - -[0m
[0mGET /api/invoices/summary [36m304[0m 9.420 ms - -[0m
[0mGET /api/clients?paginate=false [36m304[0m 8.132 ms - -[0m
[0mGET /api/analytics?range=30days&startDate=2026-06-23T18:30:00.000Z&endDate=2026-07-23T18:29:59.999Z [36m304[0m 20.063 ms - -[0m
[0mGET /api/tasks?paginate=false [36m304[0m 5.881 ms - -[0m
[0mGET /api/projects?paginate=false [36m304[0m 7.403 ms - -[0m
[0mGET /api/timer/active [36m304[0m 7.140 ms - -[0m
[0mGET /api/activities [36m304[0m 6.721 ms - -[0m
[0mGET /api/notifications?page=1&limit=10&search=&sortBy=createdAt&sortOrder=desc&paginate=true [36m304[0m 8.134 ms - -[0m
[0mGET /api/timer/summary [36m304[0m 1.935 ms - -[0m
[0mPOST /api/clients [32m201[0m 11.631 ms - 461[0m
[0mGET /api/notifications?page=1&limit=10&search=&sortBy=createdAt&sortOrder=desc&paginate=true [32m200[0m 4.736 ms - 402[0m
[0mPOST /api/projects [32m201[0m 17.501 ms - 765[0m
[0mGET /api/clients?paginate=false [32m200[0m 3.119 ms - 483[0m
[0mGET /api/notifications?page=1&limit=10&search=&sortBy=createdAt&sortOrder=desc&paginate=true [32m200[0m 4.868 ms - 671[0m
[0mPOST /api/tasks [32m201[0m 17.346 ms - -[0m
[0mGET /api/timer/task/6a61f3974dca9a68ea47baa8 [32m200[0m 4.389 ms - 2[0m
[0mGET /api/timer/task/6a61f3974dca9a68ea47baa8 [36m304[0m 2.549 ms - -[0m
[0mPUT /api/tasks/6a61f3974dca9a68ea47baa8 [32m200[0m 12.564 ms - -[0m
[0mPUT /api/tasks/6a61f3974dca9a68ea47baa8/progress [32m200[0m 23.594 ms - -[0m
[0mGET /api/timer/task/6a61f3974dca9a68ea47baa8 [36m304[0m 4.688 ms - -[0m
[0mGET /api/timer/task/6a61f3974dca9a68ea47baa8 [36m304[0m 2.138 ms - -[0m
[0mPOST /api/timer/start [32m201[0m 6.962 ms - 329[0m
[0mGET /api/timer/task/6a61f3974dca9a68ea47baa8 [32m200[0m 4.277 ms - 331[0m
[0mPUT /api/timer/6a61f3ad4dca9a68ea47bad9/stop [32m200[0m 8.530 ms - 367[0m
[0mGET /api/timer/summary [32m200[0m 4.218 ms - -[0m
[0mGET /api/timer/task/6a61f3974dca9a68ea47baa8 [32m200[0m 2.232 ms - 369[0m
[0mPOST /api/timer/manual [32m201[0m 9.291 ms - 370[0m
[0mGET /api/timer/summary [32m200[0m 3.634 ms - -[0m
[0mGET /api/timer/task/6a61f3974dca9a68ea47baa8 [32m200[0m 2.136 ms - 740[0m
[0mDELETE /api/timer/6a61f3ad4dca9a68ea47bad9 [32m200[0m 9.498 ms - 16[0m
[0mGET /api/timer/summary [32m200[0m 3.097 ms - -[0m
Status code 404 - Error: Timer session not found Error: Timer session not found
    at deleteEntry (file:///Users/venkataraju/Desktop/freelance-pro-react/backend/controllers/timerController.js:141:19)
    at process.processTicksAndRejections (node:internal/process/task_queues:104:5)
[0mDELETE /api/timer/6a61f3ad4dca9a68ea47bad9 [33m404[0m 6.593 ms - 65[0m
Status code 404 - Error: Timer session not found Error: Timer session not found
    at deleteEntry (file:///Users/venkataraju/Desktop/freelance-pro-react/backend/controllers/timerController.js:141:19)
    at process.processTicksAndRejections (node:internal/process/task_queues:104:5)
[0mDELETE /api/timer/6a61f3ad4dca9a68ea47bad9 [33m404[0m 4.817 ms - 65[0m
Status code 404 - Error: Timer session not found Error: Timer session not found
    at deleteEntry (file:///Users/venkataraju/Desktop/freelance-pro-react/backend/controllers/timerController.js:141:19)
    at process.processTicksAndRejections (node:internal/process/task_queues:104:5)
[0mDELETE /api/timer/6a61f3ad4dca9a68ea47bad9 [33m404[0m 7.711 ms - 65[0m
[0mDELETE /api/timer/6a61f3c04dca9a68ea47baea [32m200[0m 7.572 ms - 16[0m
[0mGET /api/timer/summary [32m200[0m 2.410 ms - 123[0m
Status code 404 - Error: Timer session not found Error: Timer session not found
    at deleteEntry (file:///Users/venkataraju/Desktop/freelance-pro-react/backend/controllers/timerController.js:141:19)
    at process.processTicksAndRejections (node:internal/process/task_queues:104:5)
[0mDELETE /api/timer/6a61f3c04dca9a68ea47baea [33m404[0m 4.210 ms - 65[0m
[0mGET /api/auth/me [32m200[0m 3.137 ms - 665[0m
[0mGET /api/auth/me [36m304[0m 6.088 ms - -[0m
[0mGET /api/notes [36m304[0m 5.789 ms - -[0m
[0mGET /api/meetings [36m304[0m 5.355 ms - -[0m
[0mGET /api/invoices?limit=200 [36m304[0m 10.762 ms - -[0m
[0mGET /api/projects?paginate=false [32m200[0m 7.359 ms - 770[0m
[0mGET /api/invoices/summary [36m304[0m 8.882 ms - -[0m
[0mGET /api/timer/active [36m304[0m 6.683 ms - -[0m
[0mGET /api/analytics?range=30days&startDate=2026-06-23T18:30:00.000Z&endDate=2026-07-23T18:29:59.999Z [32m200[0m 14.901 ms - -[0m
[0mGET /api/activities [32m200[0m 8.468 ms - 1013[0m
[0mGET /api/notifications?page=1&limit=10&search=&sortBy=createdAt&sortOrder=desc&paginate=true [32m200[0m 7.899 ms - 934[0m
[0mGET /api/clients?paginate=false [36m304[0m 3.477 ms - -[0m
[0mGET /api/notes [36m304[0m 3.208 ms - -[0m
[0mGET /api/meetings [36m304[0m 3.784 ms - -[0m
[0mGET /api/tasks?paginate=false [32m200[0m 14.245 ms - -[0m
[0mGET /api/invoices?limit=200 [36m304[0m 5.833 ms - -[0m
[0mGET /api/projects?paginate=false [36m304[0m 9.143 ms - -[0m
[0mGET /api/timer/active [36m304[0m 9.118 ms - -[0m
[0mGET /api/invoices/summary [36m304[0m 13.310 ms - -[0m
[0mGET /api/activities [36m304[0m 8.683 ms - -[0m
[0mGET /api/clients?paginate=false [36m304[0m 7.858 ms - -[0m
[0mGET /api/analytics?range=30days&startDate=2026-06-23T18:30:00.000Z&endDate=2026-07-23T18:29:59.999Z [36m304[0m 18.411 ms - -[0m
[0mGET /api/timer/summary [36m304[0m 6.530 ms - -[0m
[0mGET /api/notifications?page=1&limit=10&search=&sortBy=createdAt&sortOrder=desc&paginate=true [36m304[0m 9.098 ms - -[0m
[0mGET /api/timer/summary [36m304[0m 1.563 ms - -[0m
[0mGET /api/tasks?paginate=false [36m304[0m 11.762 ms - -[0m
[0mGET /api/auth/me [36m304[0m 17.620 ms - -[0m
[0mGET /api/auth/me [36m304[0m 2.365 ms - -[0m
[0mGET /api/auth/me [36m304[0m 2.340 ms - -[0m
[0mGET /api/auth/me [36m304[0m 4.165 ms - -[0m
[0mGET /api/invoices?limit=200 [36m304[0m 8.228 ms - -[0m
[0mGET /api/projects?paginate=false [36m304[0m 9.552 ms - -[0m
[0mGET /api/timer/active [36m304[0m 7.615 ms - -[0m
[0mGET /api/notes [36m304[0m 8.594 ms - -[0m
[0mGET /api/invoices/summary [36m304[0m 17.272 ms - -[0m
[0mGET /api/meetings [36m304[0m 7.194 ms - -[0m
[0mGET /api/analytics?range=30days&startDate=2026-06-23T18:30:00.000Z&endDate=2026-07-23T18:29:59.999Z [36m304[0m 25.818 ms - -[0m
[0mGET /api/activities [36m304[0m 12.338 ms - -[0m
[0mGET /api/tasks?paginate=false [36m304[0m 20.836 ms - -[0m
[0mGET /api/clients?paginate=false [36m304[0m 12.248 ms - -[0m
[0mGET /api/notifications?page=1&limit=10&search=&sortBy=createdAt&sortOrder=desc&paginate=true [36m304[0m 15.848 ms - -[0m
[0mGET /api/invoices?limit=200 [36m304[0m 7.896 ms - -[0m
[0mGET /api/notes [36m304[0m 5.983 ms - -[0m
[0mGET /api/timer/active [36m304[0m 3.400 ms - -[0m
[0mGET /api/projects?paginate=false [36m304[0m 9.492 ms - -[0m
[0mGET /api/activities [36m304[0m 5.158 ms - -[0m
[0mGET /api/meetings [36m304[0m 7.298 ms - -[0m
[0mGET /api/invoices/summary [36m304[0m 8.410 ms - -[0m
[0mGET /api/clients?paginate=false [36m304[0m 10.563 ms - -[0m
[0mGET /api/analytics?range=30days&startDate=2026-06-23T18:30:00.000Z&endDate=2026-07-23T18:29:59.999Z [36m304[0m 22.473 ms - -[0m
[0mGET /api/invoices?limit=200 [36m304[0m 11.616 ms - -[0m
[0mGET /api/notes [36m304[0m 11.116 ms - -[0m
[0mGET /api/notifications?page=1&limit=10&search=&sortBy=createdAt&sortOrder=desc&paginate=true [36m304[0m 14.005 ms - -[0m
[0mGET /api/timer/summary [36m304[0m 8.101 ms - -[0m
[0mGET /api/timer/active [36m304[0m 3.376 ms - -[0m
[0mGET /api/tasks?paginate=false [36m304[0m 26.783 ms - -[0m
[0mGET /api/activities [36m304[0m 3.546 ms - -[0m
[0mGET /api/projects?paginate=false [36m304[0m 8.487 ms - -[0m
[0mGET /api/meetings [36m304[0m 7.212 ms - -[0m
[0mGET /api/clients?paginate=false [36m304[0m 7.359 ms - -[0m
[0mGET /api/invoices/summary [36m304[0m 11.617 ms - -[0m
[0mGET /api/invoices?limit=200 [36m304[0m 7.535 ms - -[0m
[0mGET /api/notes [36m304[0m 6.923 ms - -[0m
[0mGET /api/timer/summary [36m304[0m 4.850 ms - -[0m
[0mGET /api/analytics?range=30days&startDate=2026-06-23T18:30:00.000Z&endDate=2026-07-23T18:29:59.999Z [36m304[0m 18.099 ms - -[0m
[0mGET /api/notifications?page=1&limit=10&search=&sortBy=createdAt&sortOrder=desc&paginate=true [36m304[0m 12.414 ms - -[0m
[0mGET /api/timer/active [36m304[0m 5.900 ms - -[0m
[0mGET /api/activities [36m304[0m 6.230 ms - -[0m
[0mGET /api/meetings [36m304[0m 3.407 ms - -[0m
[0mGET /api/projects?paginate=false [36m304[0m 6.688 ms - -[0m
[0mGET /api/tasks?paginate=false [36m304[0m 15.154 ms - -[0m
[0mGET /api/clients?paginate=false [36m304[0m 9.836 ms - -[0m
[0mGET /api/timer/summary [36m304[0m 9.645 ms - -[0m
[0mGET /api/invoices/summary [36m304[0m 13.320 ms - -[0m
[0mGET /api/timer/summary [36m304[0m 4.329 ms - -[0m
[0mGET /api/tasks?paginate=false [36m304[0m 7.126 ms - -[0m
[0mGET /api/analytics?range=30days&startDate=2026-06-23T18:30:00.000Z&endDate=2026-07-23T18:29:59.999Z [36m304[0m 18.490 ms - -[0m
[0mGET /api/notifications?page=1&limit=10&search=&sortBy=createdAt&sortOrder=desc&paginate=true [36m304[0m 14.237 ms - -[0m
[0mGET /api/auth/me [36m304[0m 8.658 ms - -[0m
[0mGET /api/auth/me [36m304[0m 2.369 ms - -[0m
[0mGET /api/notes [36m304[0m 5.424 ms - -[0m
[0mGET /api/invoices?limit=200 [36m304[0m 7.267 ms - -[0m
[0mGET /api/meetings [36m304[0m 3.407 ms - -[0m
[0mGET /api/invoices/summary [36m304[0m 9.783 ms - -[0m
[0mGET /api/clients?paginate=false [36m304[0m 5.556 ms - -[0m
[0mGET /api/projects?paginate=false [36m304[0m 7.784 ms - -[0m
[0mGET /api/timer/active [36m304[0m 6.343 ms - -[0m
[0mGET /api/analytics?range=30days&startDate=2026-06-23T18:30:00.000Z&endDate=2026-07-23T18:29:59.999Z [36m304[0m 21.148 ms - -[0m
[0mGET /api/activities [36m304[0m 6.315 ms - -[0m
[0mGET /api/notifications?page=1&limit=10&search=&sortBy=createdAt&sortOrder=desc&paginate=true [36m304[0m 8.055 ms - -[0m
[0mGET /api/tasks?paginate=false [36m304[0m 15.940 ms - -[0m
[0mGET /api/notes [36m304[0m 3.373 ms - -[0m
[0mGET /api/invoices?limit=200 [36m304[0m 5.497 ms - -[0m
[0mGET /api/invoices/summary [36m304[0m 6.634 ms - -[0m
[0mGET /api/meetings [36m304[0m 4.974 ms - -[0m
[0mGET /api/analytics?range=30days&startDate=2026-06-23T18:30:00.000Z&endDate=2026-07-23T18:29:59.999Z [36m304[0m 14.750 ms - -[0m
[0mGET /api/clients?paginate=false [36m304[0m 6.001 ms - -[0m
[0mGET /api/timer/active [36m304[0m 5.303 ms - -[0m
[0mGET /api/projects?paginate=false [36m304[0m 6.856 ms - -[0m
[0mGET /api/activities [36m304[0m 6.486 ms - -[0m
[0mGET /api/timer/summary [36m304[0m 3.386 ms - -[0m
[0mGET /api/notifications?page=1&limit=10&search=&sortBy=createdAt&sortOrder=desc&paginate=true [36m304[0m 6.693 ms - -[0m
[0mGET /api/tasks?paginate=false [36m304[0m 8.661 ms - -[0m
[0mGET /api/timer/summary [36m304[0m 1.469 ms - -[0m
[0mGET /api/auth/me [36m304[0m 3.408 ms - -[0m
[0mGET /api/auth/me [36m304[0m 1.402 ms - -[0m
[0mGET /api/notes [36m304[0m 3.620 ms - -[0m
[0mGET /api/invoices?limit=200 [36m304[0m 5.361 ms - -[0m
[0mGET /api/invoices/summary [36m304[0m 7.295 ms - -[0m
[0mGET /api/projects?paginate=false [36m304[0m 7.229 ms - -[0m
[0mGET /api/meetings [36m304[0m 5.958 ms - -[0m
[0mGET /api/analytics?range=30days&startDate=2026-06-23T18:30:00.000Z&endDate=2026-07-23T18:29:59.999Z [36m304[0m 13.679 ms - -[0m
[0mGET /api/clients?paginate=false [36m304[0m 6.824 ms - -[0m
[0mGET /api/activities [36m304[0m 5.078 ms - -[0m
[0mGET /api/timer/active [36m304[0m 7.049 ms - -[0m
[0mGET /api/tasks?paginate=false [36m304[0m 9.013 ms - -[0m
[0mGET /api/notifications?page=1&limit=10&search=&sortBy=createdAt&sortOrder=desc&paginate=true [36m304[0m 5.864 ms - -[0m
[0mGET /api/timer/summary [36m304[0m 1.335 ms - -[0m
[0mGET /api/auth/me [36m304[0m 1.853 ms - -[0m
[0mGET /api/auth/me [36m304[0m 1.531 ms - -[0m
[0mGET /api/notes [36m304[0m 3.305 ms - -[0m
[0mGET /api/invoices?limit=200 [36m304[0m 5.258 ms - -[0m
[0mGET /api/meetings [36m304[0m 4.036 ms - -[0m
[0mGET /api/invoices/summary [36m304[0m 5.773 ms - -[0m
[0mGET /api/clients?paginate=false [36m304[0m 5.972 ms - -[0m
[0mGET /api/analytics?range=30days&startDate=2026-06-23T18:30:00.000Z&endDate=2026-07-23T18:29:59.999Z [36m304[0m 12.756 ms - -[0m
[0mGET /api/projects?paginate=false [36m304[0m 6.418 ms - -[0m
[0mGET /api/timer/active [36m304[0m 5.332 ms - -[0m
[0mGET /api/activities [36m304[0m 6.906 ms - -[0m
[0mGET /api/tasks?paginate=false [36m304[0m 8.776 ms - -[0m
[0mGET /api/notes [36m304[0m 4.025 ms - -[0m
[0mGET /api/notifications?page=1&limit=10&search=&sortBy=createdAt&sortOrder=desc&paginate=true [36m304[0m 8.605 ms - -[0m
[0mGET /api/invoices?limit=200 [36m304[0m 4.708 ms - -[0m
[0mGET /api/meetings [36m304[0m 4.422 ms - -[0m
[0mGET /api/invoices/summary [36m304[0m 4.780 ms - -[0m
[0mGET /api/clients?paginate=false [36m304[0m 4.617 ms - -[0m
[0mGET /api/projects?paginate=false [36m304[0m 4.115 ms - -[0m
[0mGET /api/timer/active [36m304[0m 3.959 ms - -[0m
[0mGET /api/timer/summary [36m304[0m 5.126 ms - -[0m
[0mGET /api/activities [36m304[0m 2.372 ms - -[0m
[0mGET /api/analytics?range=30days&startDate=2026-06-23T18:30:00.000Z&endDate=2026-07-23T18:29:59.999Z [36m304[0m 10.769 ms - -[0m
[0mGET /api/timer/summary [36m304[0m 3.556 ms - -[0m
[0mGET /api/notifications?page=1&limit=10&search=&sortBy=createdAt&sortOrder=desc&paginate=true [36m304[0m 6.009 ms - -[0m
[0mGET /api/tasks?paginate=false [36m304[0m 8.179 ms - -[0m
[0mGET /api/auth/me [36m304[0m 1.947 ms - -[0m
[0mGET /api/auth/me [36m304[0m 1.255 ms - -[0m
[0mGET /api/notes [36m304[0m 2.204 ms - -[0m
[0mGET /api/meetings [36m304[0m 2.432 ms - -[0m
[0mGET /api/timer/active [36m304[0m 2.453 ms - -[0m
[0mGET /api/projects?paginate=false [36m304[0m 4.434 ms - -[0m
[0mGET /api/activities [36m304[0m 5.433 ms - -[0m
[0mGET /api/clients?paginate=false [36m304[0m 8.197 ms - -[0m
[0mGET /api/tasks?paginate=false [36m304[0m 9.560 ms - -[0m
[0mGET /api/notes [36m304[0m 4.518 ms - -[0m
[0mGET /api/meetings [36m304[0m 4.385 ms - -[0m
[0mGET /api/notifications?page=1&limit=10&search=&sortBy=createdAt&sortOrder=desc&paginate=true [36m304[0m 13.958 ms - -[0m
[0mGET /api/timer/active [36m304[0m 8.994 ms - -[0m
[0mGET /api/activities [36m304[0m 6.213 ms - -[0m
[0mGET /api/projects?paginate=false [36m304[0m 10.417 ms - -[0m
[0mGET /api/notes [36m304[0m 1.380 ms - -[0m
[0mGET /api/clients?paginate=false [36m304[0m 8.766 ms - -[0m
[0mGET /api/tasks?paginate=false [36m304[0m 5.032 ms - -[0m
[0mGET /api/notifications?page=1&limit=10&search=&sortBy=createdAt&sortOrder=desc&paginate=true [36m304[0m 4.000 ms - -[0m
[0mGET /api/timer/summary [36m304[0m 1.673 ms - -[0m
[0mGET /api/timer/summary [36m304[0m 1.482 ms - -[0m
[0mGET /api/invoices?limit=200 [36m304[0m 3.552 ms - -[0m
[0mGET /api/analytics?range=30days&startDate=2026-06-23T18:30:00.000Z&endDate=2026-07-23T18:29:59.999Z [36m304[0m 6.184 ms - -[0m
[0mGET /api/invoices/summary [36m304[0m 6.020 ms - -[0m
[0mGET /api/invoices?limit=200 [36m304[0m 2.624 ms - -[0m
[0mGET /api/invoices/summary [36m304[0m 2.595 ms - -[0m
[0mGET /api/analytics?range=30days&startDate=2026-06-23T18:30:00.000Z&endDate=2026-07-23T18:29:59.999Z [36m304[0m 6.960 ms - -[0m
[0mGET /api/auth/me [36m304[0m 2.250 ms - -[0m
[0mGET /api/auth/me [36m304[0m 1.310 ms - -[0m
[0mGET /api/notes [36m304[0m 3.141 ms - -[0m
[0mGET /api/meetings [36m304[0m 3.072 ms - -[0m
[0mGET /api/invoices?limit=200 [36m304[0m 5.492 ms - -[0m
[0mGET /api/invoices/summary [36m304[0m 5.943 ms - -[0m
[0mGET /api/clients?paginate=false [36m304[0m 5.415 ms - -[0m
[0mGET /api/projects?paginate=false [36m304[0m 3.485 ms - -[0m
[0mGET /api/analytics?range=30days&startDate=2026-06-23T18:30:00.000Z&endDate=2026-07-23T18:29:59.999Z [36m304[0m 15.244 ms - -[0m
[0mGET /api/timer/active [36m304[0m 6.191 ms - -[0m
[0mGET /api/activities [36m304[0m 6.034 ms - -[0m
[0mGET /api/tasks?paginate=false [36m304[0m 10.636 ms - -[0m
[0mGET /api/meetings [36m304[0m 2.576 ms - -[0m
[0mGET /api/notes [36m304[0m 3.767 ms - -[0m
[0mGET /api/notifications?page=1&limit=10&search=&sortBy=createdAt&sortOrder=desc&paginate=true [36m304[0m 9.816 ms - -[0m
[0mGET /api/invoices?limit=200 [36m304[0m 5.389 ms - -[0m
[0mGET /api/invoices/summary [36m304[0m 6.399 ms - -[0m
[0mGET /api/clients?paginate=false [36m304[0m 3.582 ms - -[0m
[0mGET /api/timer/active [36m304[0m 2.020 ms - -[0m
[0mGET /api/projects?paginate=false [36m304[0m 4.674 ms - -[0m
[0mGET /api/timer/summary [36m304[0m 3.716 ms - -[0m
[0mGET /api/activities [36m304[0m 4.633 ms - -[0m
[0mGET /api/analytics?range=30days&startDate=2026-06-23T18:30:00.000Z&endDate=2026-07-23T18:29:59.999Z [36m304[0m 10.554 ms - -[0m
[0mGET /api/tasks?paginate=false [36m304[0m 7.516 ms - -[0m
[0mGET /api/timer/summary [36m304[0m 4.609 ms - -[0m
[0mGET /api/notifications?page=1&limit=10&search=&sortBy=createdAt&sortOrder=desc&paginate=true [36m304[0m 7.738 ms - -[0m
[0mGET /api/auth/me [36m304[0m 1.828 ms - -[0m
[0mGET /api/auth/me [36m304[0m 1.358 ms - -[0m
[0mGET /api/notes [36m304[0m 1.921 ms - -[0m
[0mGET /api/invoices?limit=200 [36m304[0m 3.681 ms - -[0m
[0mGET /api/meetings [36m304[0m 3.309 ms - -[0m
[0mGET /api/invoices/summary [36m304[0m 4.545 ms - -[0m
[0mGET /api/clients?paginate=false [36m304[0m 5.966 ms - -[0m
[0mGET /api/analytics?range=30days&startDate=2026-06-23T18:30:00.000Z&endDate=2026-07-23T18:29:59.999Z [36m304[0m 11.655 ms - -[0m
[0mGET /api/activities [36m304[0m 4.219 ms - -[0m
[0mGET /api/projects?paginate=false [36m304[0m 7.534 ms - -[0m
[0mGET /api/timer/active [36m304[0m 5.778 ms - -[0m
[0mGET /api/tasks?paginate=false [36m304[0m 8.499 ms - -[0m
[0mGET /api/meetings [36m304[0m 1.639 ms - -[0m
[0mGET /api/notes [36m304[0m 2.560 ms - -[0m
[0mGET /api/notifications?page=1&limit=10&search=&sortBy=createdAt&sortOrder=desc&paginate=true [36m304[0m 6.688 ms - -[0m
[0mGET /api/invoices?limit=200 [36m304[0m 2.871 ms - -[0m
[0mGET /api/invoices/summary [36m304[0m 5.739 ms - -[0m
[0mGET /api/clients?paginate=false [36m304[0m 5.209 ms - -[0m
[0mGET /api/activities [36m304[0m 3.302 ms - -[0m
[0mGET /api/projects?paginate=false [36m304[0m 3.242 ms - -[0m
[0mGET /api/timer/active [36m304[0m 3.070 ms - -[0m
[0mGET /api/analytics?range=30days&startDate=2026-06-23T18:30:00.000Z&endDate=2026-07-23T18:29:59.999Z [36m304[0m 9.289 ms - -[0m
[0mGET /api/timer/summary [36m304[0m 5.509 ms - -[0m
[0mGET /api/tasks?paginate=false [36m304[0m 6.001 ms - -[0m
[0mGET /api/timer/summary [36m304[0m 1.863 ms - -[0m
[0mGET /api/notifications?page=1&limit=10&search=&sortBy=createdAt&sortOrder=desc&paginate=true [36m304[0m 6.692 ms - -[0m
Status code 401 - Error: Invalid email or password Error: Invalid email or password
    at loginUser (file:///Users/venkataraju/Desktop/freelance-pro-react/backend/controllers/authController.js:79:19)
    at process.processTicksAndRejections (node:internal/process/task_queues:104:5)
[0mPOST /api/auth/login [33m401[0m 8.413 ms - 67[0m
[0mPOST /api/auth/register [32m201[0m 76.552 ms - 328[0m
[0mPOST /api/auth/login [32m200[0m 76.537 ms - 316[0m
[0mGET /api/auth/me [32m200[0m 1.766 ms - 664[0m
[0mGET /api/projects?paginate=false [32m200[0m 4.087 ms - 70[0m
[0mGET /api/invoices?limit=200 [36m304[0m 5.704 ms - -[0m
[0mGET /api/notes [36m304[0m 5.177 ms - -[0m
[0mGET /api/invoices/summary [36m304[0m 5.719 ms - -[0m
[0mGET /api/tasks?paginate=false [32m200[0m 5.820 ms - 67[0m
[0mGET /api/meetings [36m304[0m 3.524 ms - -[0m
[0mGET /api/timer/active [36m304[0m 4.667 ms - -[0m
[0mGET /api/clients?paginate=false [32m200[0m 4.934 ms - 69[0m
[0mGET /api/activities [32m200[0m 5.336 ms - 79[0m
[0mGET /api/analytics?range=30days&startDate=2026-06-23T18:30:00.000Z&endDate=2026-07-23T18:29:59.999Z [32m200[0m 11.261 ms - -[0m
[0mGET /api/notifications?page=1&limit=10&search=&sortBy=createdAt&sortOrder=desc&paginate=true [32m200[0m 4.802 ms - 135[0m
[0mGET /api/timer/summary [36m304[0m 1.695 ms - -[0m
[0mPUT /api/auth/me [32m200[0m 5.592 ms - 658[0m
[0mGET /api/invoices?limit=200 [36m304[0m 6.197 ms - -[0m
[0mGET /api/notes [36m304[0m 4.032 ms - -[0m
[0mGET /api/meetings [36m304[0m 4.801 ms - -[0m
[0mGET /api/clients?paginate=false [36m304[0m 6.356 ms - -[0m
[0mGET /api/analytics?range=30days&startDate=2026-06-23T18:30:00.000Z&endDate=2026-07-23T18:29:59.999Z [36m304[0m 15.864 ms - -[0m
[0mGET /api/projects?paginate=false [36m304[0m 4.402 ms - -[0m
[0mGET /api/invoices/summary [36m304[0m 13.702 ms - -[0m
[0mGET /api/timer/active [36m304[0m 5.375 ms - -[0m
[0mGET /api/tasks?paginate=false [36m304[0m 5.858 ms - -[0m
[0mGET /api/activities [36m304[0m 5.405 ms - -[0m
[0mGET /api/notifications?page=1&limit=10&search=&sortBy=createdAt&sortOrder=desc&paginate=true [36m304[0m 4.154 ms - -[0m
[0mGET /api/timer/summary [36m304[0m 1.906 ms - -[0m
[0mGET /api/auth/me [32m200[0m 3.985 ms - 665[0m
[0mGET /api/auth/me [36m304[0m 2.193 ms - -[0m
[0mGET /api/meetings [36m304[0m 4.459 ms - -[0m
[0mGET /api/clients?paginate=false [36m304[0m 3.734 ms - -[0m
[0mGET /api/projects?paginate=false [36m304[0m 3.458 ms - -[0m
[0mGET /api/tasks?paginate=false [36m304[0m 3.286 ms - -[0m
[0mGET /api/activities [36m304[0m 3.352 ms - -[0m
[0mGET /api/timer/active [36m304[0m 5.085 ms - -[0m
[0mGET /api/meetings [36m304[0m 4.494 ms - -[0m
[0mGET /api/clients?paginate=false [36m304[0m 4.095 ms - -[0m
[0mGET /api/notifications?page=1&limit=10&search=&sortBy=createdAt&sortOrder=desc&paginate=true [36m304[0m 10.085 ms - -[0m
[0mGET /api/projects?paginate=false [36m304[0m 4.953 ms - -[0m
[0mGET /api/tasks?paginate=false [36m304[0m 6.250 ms - -[0m
[0mGET /api/activities [36m304[0m 2.908 ms - -[0m
[0mGET /api/timer/active [36m304[0m 2.395 ms - -[0m
[0mGET /api/meetings [36m304[0m 3.411 ms - -[0m
[0mGET /api/notes [36m304[0m 2.822 ms - -[0m
[0mGET /api/timer/summary [36m304[0m 1.591 ms - -[0m
[0mGET /api/notifications?page=1&limit=10&search=&sortBy=createdAt&sortOrder=desc&paginate=true [36m304[0m 5.034 ms - -[0m
[0mGET /api/notes [36m304[0m 1.536 ms - -[0m
[0mGET /api/timer/summary [36m304[0m 0.967 ms - -[0m
[0mGET /api/invoices?limit=200 [36m304[0m 3.172 ms - -[0m
[0mGET /api/invoices/summary [36m304[0m 2.885 ms - -[0m
[0mGET /api/analytics?range=30days&startDate=2026-06-23T18:30:00.000Z&endDate=2026-07-23T18:29:59.999Z [36m304[0m 5.645 ms - -[0m
[0mGET /api/invoices?limit=200 [36m304[0m 4.758 ms - -[0m
[0mGET /api/invoices/summary [36m304[0m 4.691 ms - -[0m
[0mGET /api/analytics?range=30days&startDate=2026-06-23T18:30:00.000Z&endDate=2026-07-23T18:29:59.999Z [36m304[0m 6.756 ms - -[0m
[0mGET /api/auth/me [36m304[0m 6.528 ms - -[0m
[0mGET /api/auth/me [36m304[0m 1.263 ms - -[0m
[0mGET /api/notes [36m304[0m 5.093 ms - -[0m
[0mGET /api/invoices?limit=200 [36m304[0m 16.838 ms - -[0m
[0mGET /api/meetings [36m304[0m 15.735 ms - -[0m
[0mGET /api/invoices/summary [36m304[0m 19.876 ms - -[0m
[0mGET /api/clients?paginate=false [36m304[0m 17.972 ms - -[0m
[0mGET /api/analytics?range=30days&startDate=2026-06-23T18:30:00.000Z&endDate=2026-07-23T18:29:59.999Z [36m304[0m 43.871 ms - -[0m
[0mGET /api/projects?paginate=false [36m304[0m 21.109 ms - -[0m
[0mGET /api/tasks?paginate=false [36m304[0m 6.231 ms - -[0m
[0mGET /api/timer/active [36m304[0m 5.955 ms - -[0m
[0mGET /api/activities [36m304[0m 9.915 ms - -[0m
[0mGET /api/notifications?page=1&limit=10&search=&sortBy=createdAt&sortOrder=desc&paginate=true [36m304[0m 8.851 ms - -[0m
[0mGET /api/timer/summary [36m304[0m 2.265 ms - -[0m
[0mPOST /api/auth/login [32m200[0m 76.541 ms - 316[0m
[0mGET /api/auth/me [36m304[0m 1.479 ms - -[0m
[0mGET /api/clients?paginate=false [36m304[0m 3.449 ms - -[0m
[0mGET /api/notes [36m304[0m 3.277 ms - -[0m
[0mGET /api/tasks?paginate=false [36m304[0m 3.040 ms - -[0m
[0mGET /api/invoices?limit=200 [36m304[0m 6.340 ms - -[0m
[0mGET /api/analytics?range=30days&startDate=2026-06-23T18:30:00.000Z&endDate=2026-07-23T18:29:59.999Z [36m304[0m 9.579 ms - -[0m
[0mGET /api/invoices/summary [36m304[0m 6.964 ms - -[0m
[0mGET /api/projects?paginate=false [36m304[0m 4.212 ms - -[0m
[0mGET /api/meetings [36m304[0m 5.607 ms - -[0m
[0mGET /api/timer/active [36m304[0m 2.279 ms - -[0m
[0mGET /api/activities [36m304[0m 1.934 ms - -[0m
[0mGET /api/notifications?page=1&limit=10&search=&sortBy=createdAt&sortOrder=desc&paginate=true [36m304[0m 2.756 ms - -[0m
[0mGET /api/timer/summary [36m304[0m 2.685 ms - -[0m
[0mGET /api/auth/me [36m304[0m 4.647 ms - -[0m
[0mGET /api/auth/me [36m304[0m 1.870 ms - -[0m
[0mGET /api/projects?paginate=false [36m304[0m 14.368 ms - -[0m
[0mGET /api/tasks?paginate=false [36m304[0m 14.028 ms - -[0m
[0mGET /api/invoices?limit=200 [36m304[0m 20.897 ms - -[0m
[0mGET /api/analytics?range=30days&startDate=2026-06-23T18:30:00.000Z&endDate=2026-07-23T18:29:59.999Z [36m304[0m 31.245 ms - -[0m
[0mGET /api/timer/active [36m304[0m 6.172 ms - -[0m
[0mGET /api/activities [36m304[0m 6.648 ms - -[0m
[0mGET /api/meetings [36m304[0m 5.500 ms - -[0m
[0mGET /api/notes [36m304[0m 6.864 ms - -[0m
[0mGET /api/invoices/summary [36m304[0m 16.431 ms - -[0m
[0mGET /api/projects?paginate=false [36m304[0m 10.020 ms - -[0m
[0mGET /api/clients?paginate=false [36m304[0m 10.887 ms - -[0m
[0mGET /api/tasks?paginate=false [36m304[0m 6.142 ms - -[0m
[0mGET /api/timer/active [36m304[0m 2.939 ms - -[0m
[0mGET /api/invoices?limit=200 [36m304[0m 8.963 ms - -[0m
[0mGET /api/notifications?page=1&limit=10&search=&sortBy=createdAt&sortOrder=desc&paginate=true [36m304[0m 21.420 ms - -[0m
[0mGET /api/meetings [36m304[0m 5.452 ms - -[0m
[0mGET /api/activities [36m304[0m 7.246 ms - -[0m
[0mGET /api/analytics?range=30days&startDate=2026-06-23T18:30:00.000Z&endDate=2026-07-23T18:29:59.999Z [36m304[0m 12.280 ms - -[0m
[0mGET /api/clients?paginate=false [36m304[0m 4.499 ms - -[0m
[0mGET /api/notes [36m304[0m 5.519 ms - -[0m
[0mGET /api/timer/summary [36m304[0m 2.333 ms - -[0m
[0mGET /api/invoices/summary [36m304[0m 7.689 ms - -[0m
[0mGET /api/notifications?page=1&limit=10&search=&sortBy=createdAt&sortOrder=desc&paginate=true [36m304[0m 6.065 ms - -[0m
[0mGET /api/timer/summary [36m304[0m 1.603 ms - -[0m
[0mGET /api/auth/me [36m304[0m 4.725 ms - -[0m
[0mGET /api/auth/me [36m304[0m 2.146 ms - -[0m
[0mGET /api/invoices?limit=200 [36m304[0m 4.117 ms - -[0m
[0mGET /api/meetings [36m304[0m 2.981 ms - -[0m
[0mGET /api/notes [36m304[0m 3.288 ms - -[0m
[0mGET /api/invoices/summary [36m304[0m 5.053 ms - -[0m
[0mGET /api/clients?paginate=false [36m304[0m 4.517 ms - -[0m
[0mGET /api/analytics?range=30days&startDate=2026-06-23T18:30:00.000Z&endDate=2026-07-23T18:29:59.999Z [36m304[0m 8.960 ms - -[0m
[0mGET /api/projects?paginate=false [36m304[0m 3.490 ms - -[0m
[0mGET /api/activities [36m304[0m 2.339 ms - -[0m
[0mGET /api/tasks?paginate=false [36m304[0m 4.541 ms - -[0m
[0mGET /api/timer/active [36m304[0m 5.592 ms - -[0m
[0mGET /api/notes [36m304[0m 2.749 ms - -[0m
[0mGET /api/meetings [36m304[0m 3.201 ms - -[0m
[0mGET /api/invoices?limit=200 [36m304[0m 3.975 ms - -[0m
[0mGET /api/clients?paginate=false [36m304[0m 2.430 ms - -[0m
[0mGET /api/invoices/summary [36m304[0m 4.893 ms - -[0m
[0mGET /api/projects?paginate=false [36m304[0m 2.868 ms - -[0m
[0mGET /api/notifications?page=1&limit=10&search=&sortBy=createdAt&sortOrder=desc&paginate=true [36m304[0m 5.367 ms - -[0m
[0mGET /api/activities [36m304[0m 3.231 ms - -[0m
[0mGET /api/tasks?paginate=false [36m304[0m 3.956 ms - -[0m
[0mGET /api/analytics?range=30days&startDate=2026-06-23T18:30:00.000Z&endDate=2026-07-23T18:29:59.999Z [36m304[0m 7.522 ms - -[0m
[0mGET /api/timer/active [36m304[0m 3.433 ms - -[0m
[0mGET /api/timer/summary [36m304[0m 0.806 ms - -[0m
[0mGET /api/notifications?page=1&limit=10&search=&sortBy=createdAt&sortOrder=desc&paginate=true [36m304[0m 4.292 ms - -[0m
[0mGET /api/timer/summary [36m304[0m 1.204 ms - -[0m
[0mGET /api/notifications?page=1&limit=10&search=&sortBy=createdAt&sortOrder=desc&paginate=true [36m304[0m 15.823 ms - -[0m
[0mGET /api/notifications?page=1&limit=10&search=&sortBy=createdAt&sortOrder=desc&paginate=true [36m304[0m 4.030 ms - -[0m
[0mGET /api/activities [36m304[0m 1.951 ms - -[0m
[0mGET /api/activities [36m304[0m 1.547 ms - -[0m
[0mGET /api/timer/active [36m304[0m 5.653 ms - -[0m
[0mGET /api/tasks?paginate=false [36m304[0m 7.195 ms - -[0m
[0mGET /api/timer/active [36m304[0m 2.269 ms - -[0m
[0mGET /api/tasks?paginate=false [36m304[0m 1.800 ms - -[0m
[0mGET /api/timer/summary [36m304[0m 2.346 ms - -[0m
[0mGET /api/projects?paginate=false [36m304[0m 1.839 ms - -[0m
[0mGET /api/timer/summary [36m304[0m 2.082 ms - -[0m
[0mGET /api/projects?paginate=false [36m304[0m 7.209 ms - -[0m
[0mGET /api/clients?paginate=false [36m304[0m 3.420 ms - -[0m
[0mGET /api/clients?paginate=false [36m304[0m 1.387 ms - -[0m
[0mGET /api/meetings [36m304[0m 1.541 ms - -[0m
[0mGET /api/meetings [36m304[0m 1.315 ms - -[0m
[0mGET /api/notes [36m304[0m 1.521 ms - -[0m
[0mGET /api/notes [36m304[0m 1.232 ms - -[0m
[0mGET /api/invoices?limit=200 [36m304[0m 2.541 ms - -[0m
[0mGET /api/analytics?range=30days&startDate=2026-06-24T18:30:00.000Z&endDate=2026-07-24T18:29:59.999Z [32m200[0m 6.820 ms - -[0m
[0mGET /api/invoices/summary [36m304[0m 7.839 ms - -[0m
[0mGET /api/invoices?limit=200 [36m304[0m 2.352 ms - -[0m
[0mGET /api/analytics?range=30days&startDate=2026-06-24T18:30:00.000Z&endDate=2026-07-24T18:29:59.999Z [36m304[0m 4.940 ms - -[0m
[0mGET /api/invoices/summary [36m304[0m 2.882 ms - -[0m
[0mGET /api/notifications?page=1&limit=10&search=&sortBy=createdAt&sortOrder=desc&paginate=true [36m304[0m 7.700 ms - -[0m
[0mGET /api/notifications?page=1&limit=10&search=&sortBy=createdAt&sortOrder=desc&paginate=true [36m304[0m 5.563 ms - -[0m
[0mGET /api/activities [36m304[0m 3.200 ms - -[0m
[0mGET /api/activities [36m304[0m 2.562 ms - -[0m
[0mGET /api/tasks?paginate=false [36m304[0m 2.708 ms - -[0m
[0mGET /api/timer/active [36m304[0m 2.285 ms - -[0m
[0mGET /api/timer/active [36m304[0m 1.789 ms - -[0m
[0mGET /api/tasks?paginate=false [36m304[0m 2.608 ms - -[0m
[0mGET /api/projects?paginate=false [36m304[0m 1.555 ms - -[0m
[0mGET /api/timer/summary [36m304[0m 2.733 ms - -[0m
[0mGET /api/projects?paginate=false [36m304[0m 1.562 ms - -[0m
[0mGET /api/timer/summary [36m304[0m 1.621 ms - -[0m
[0mGET /api/clients?paginate=false [36m304[0m 1.230 ms - -[0m
[0mGET /api/clients?paginate=false [36m304[0m 1.647 ms - -[0m
[0mGET /api/auth/me [36m304[0m 5.865 ms - -[0m
[0mGET /api/auth/me [36m304[0m 1.719 ms - -[0m
[0mGET /api/auth/me [36m304[0m 3.659 ms - -[0m
[0mGET /api/auth/me [36m304[0m 1.912 ms - -[0m
[0mGET /api/auth/me [36m304[0m 7.301 ms - -[0m
[0mGET /api/auth/me [36m304[0m 1.901 ms - -[0m
[0mGET /api/auth/me [36m304[0m 5.214 ms - -[0m
[0mGET /api/auth/me [36m304[0m 1.812 ms - -[0m
[0mGET /api/invoices?limit=200 [36m304[0m 14.635 ms - -[0m
[0mGET /api/notes [36m304[0m 14.959 ms - -[0m
[0mGET /api/invoices/summary [36m304[0m 17.486 ms - -[0m
[0mGET /api/analytics?range=30days&startDate=2026-06-24T18:30:00.000Z&endDate=2026-07-24T18:29:59.999Z [36m304[0m 23.081 ms - -[0m
[0mGET /api/meetings [36m304[0m 21.798 ms - -[0m
[0mGET /api/projects?paginate=false [36m304[0m 14.551 ms - -[0m
[0mGET /api/clients?paginate=false [36m304[0m 8.971 ms - -[0m
[0mGET /api/timer/active [36m304[0m 11.145 ms - -[0m
[0mGET /api/activities [36m304[0m 12.991 ms - -[0m
[0mGET /api/tasks?paginate=false [36m304[0m 16.678 ms - -[0m
[0mGET /api/notes [36m304[0m 12.572 ms - -[0m
[0mGET /api/invoices?limit=200 [36m304[0m 17.332 ms - -[0m
[0mGET /api/notifications?page=1&limit=10&search=&sortBy=createdAt&sortOrder=desc&paginate=true [36m304[0m 22.070 ms - -[0m
[0mGET /api/invoices/summary [36m304[0m 16.019 ms - -[0m
[0mGET /api/meetings [36m304[0m 11.164 ms - -[0m
[0mGET /api/projects?paginate=false [36m304[0m 8.356 ms - -[0m
[0mGET /api/clients?paginate=false [36m304[0m 7.694 ms - -[0m
[0mGET /api/analytics?range=30days&startDate=2026-06-24T18:30:00.000Z&endDate=2026-07-24T18:29:59.999Z [36m304[0m 24.155 ms - -[0m
[0mGET /api/tasks?paginate=false [36m304[0m 4.330 ms - -[0m
[0mGET /api/activities [36m304[0m 8.322 ms - -[0m
[0mGET /api/timer/active [36m304[0m 9.092 ms - -[0m
[0mGET /api/timer/summary [36m304[0m 1.345 ms - -[0m
[0mGET /api/timer/summary [36m304[0m 1.674 ms - -[0m
[0mGET /api/notifications?page=1&limit=10&search=&sortBy=createdAt&sortOrder=desc&paginate=true [36m304[0m 6.893 ms - -[0m
[0mGET /api/auth/me [36m304[0m 2.009 ms - -[0m
[0mGET /api/auth/me [36m304[0m 1.336 ms - -[0m
[0mGET /api/notes [36m304[0m 3.348 ms - -[0m
[0mGET /api/meetings [36m304[0m 3.746 ms - -[0m
[0mGET /api/clients?paginate=false [36m304[0m 6.017 ms - -[0m
[0mGET /api/invoices?limit=200 [36m304[0m 7.260 ms - -[0m
[0mGET /api/invoices/summary [36m304[0m 10.865 ms - -[0m
[0mGET /api/analytics?range=30days&startDate=2026-06-24T18:30:00.000Z&endDate=2026-07-24T18:29:59.999Z [36m304[0m 15.085 ms - -[0m
[0mGET /api/tasks?paginate=false [36m304[0m 6.388 ms - -[0m
[0mGET /api/timer/active [36m304[0m 6.471 ms - -[0m
[0mGET /api/activities [36m304[0m 6.427 ms - -[0m
[0mGET /api/projects?paginate=false [36m304[0m 8.491 ms - -[0m
[0mGET /api/timer/summary [36m304[0m 0.857 ms - -[0m
[0mGET /api/notifications?page=1&limit=10&search=&sortBy=createdAt&sortOrder=desc&paginate=true [36m304[0m 4.975 ms - -[0m
[0mPOST /api/auth/register [32m201[0m 77.347 ms - 333[0m
[0mPOST /api/auth/login [32m200[0m 80.487 ms - 321[0m
[0mGET /api/auth/me [32m200[0m 1.899 ms - 670[0m
[0mGET /api/invoices?limit=200 [36m304[0m 7.565 ms - -[0m
[0mGET /api/meetings [36m304[0m 6.243 ms - -[0m
[0mGET /api/invoices/summary [36m304[0m 8.285 ms - -[0m
[0mGET /api/clients?paginate=false [36m304[0m 4.214 ms - -[0m
[0mGET /api/tasks?paginate=false [36m304[0m 6.052 ms - -[0m
[0mGET /api/analytics?range=30days&startDate=2026-06-24T18:30:00.000Z&endDate=2026-07-24T18:29:59.999Z [36m304[0m 12.376 ms - -[0m
[0mGET /api/notes [36m304[0m 3.944 ms - -[0m
[0mGET /api/projects?paginate=false [36m304[0m 5.222 ms - -[0m
[0mGET /api/activities [36m304[0m 1.496 ms - -[0m
[0mGET /api/timer/active [36m304[0m 1.912 ms - -[0m
[0mGET /api/notifications?page=1&limit=10&search=&sortBy=createdAt&sortOrder=desc&paginate=true [36m304[0m 3.979 ms - -[0m
[0mGET /api/timer/summary [36m304[0m 1.045 ms - -[0m
[0mGET /api/auth/me [36m304[0m 4.076 ms - -[0m
[0mGET /api/auth/me [36m304[0m 1.461 ms - -[0m
[0mGET /api/invoices?limit=200 [36m304[0m 13.845 ms - -[0m
[0mGET /api/projects?paginate=false [36m304[0m 7.471 ms - -[0m
[0mGET /api/meetings [36m304[0m 3.232 ms - -[0m
[0mGET /api/notes [36m304[0m 4.785 ms - -[0m
[0mGET /api/invoices/summary [36m304[0m 6.318 ms - -[0m
[0mGET /api/clients?paginate=false [36m304[0m 2.043 ms - -[0m
[0mGET /api/tasks?paginate=false [36m304[0m 2.656 ms - -[0m
[0mGET /api/analytics?range=30days&startDate=2026-06-24T18:30:00.000Z&endDate=2026-07-24T18:29:59.999Z [36m304[0m 12.624 ms - -[0m
[0mGET /api/timer/active [36m304[0m 4.945 ms - -[0m
[0mGET /api/activities [36m304[0m 5.297 ms - -[0m
[0mGET /api/notifications?page=1&limit=10&search=&sortBy=createdAt&sortOrder=desc&paginate=true [36m304[0m 6.129 ms - -[0m
[0mGET /api/timer/summary [36m304[0m 1.786 ms - -[0m
[0mGET /api/auth/me [36m304[0m 4.854 ms - -[0m
[0mGET /api/auth/me [36m304[0m 2.079 ms - -[0m
[0mGET /api/invoices?limit=200 [36m304[0m 4.605 ms - -[0m
[0mGET /api/clients?paginate=false [36m304[0m 3.811 ms - -[0m
[0mGET /api/tasks?paginate=false [36m304[0m 4.650 ms - -[0m
[0mGET /api/invoices/summary [36m304[0m 5.988 ms - -[0m
[0mGET /api/timer/active [36m304[0m 4.771 ms - -[0m
[0mGET /api/analytics?range=30days&startDate=2026-06-24T18:30:00.000Z&endDate=2026-07-24T18:29:59.999Z [36m304[0m 9.441 ms - -[0m
[0mGET /api/meetings [36m304[0m 3.806 ms - -[0m
[0mGET /api/activities [36m304[0m 5.439 ms - -[0m
[0mGET /api/notes [36m304[0m 5.753 ms - -[0m
[0mGET /api/projects?paginate=false [36m304[0m 3.825 ms - -[0m
[0mGET /api/invoices?limit=200 [36m304[0m 3.402 ms - -[0m
[0mGET /api/clients?paginate=false [36m304[0m 3.237 ms - -[0m
[0mGET /api/notifications?page=1&limit=10&search=&sortBy=createdAt&sortOrder=desc&paginate=true [36m304[0m 6.109 ms - -[0m
[0mGET /api/tasks?paginate=false [36m304[0m 2.864 ms - -[0m
[0mGET /api/timer/active [36m304[0m 2.640 ms - -[0m
[0mGET /api/invoices/summary [36m304[0m 4.553 ms - -[0m
[0mGET /api/notes [36m304[0m 2.378 ms - -[0m
[0mGET /api/activities [36m304[0m 2.926 ms - -[0m
[0mGET /api/meetings [36m304[0m 3.258 ms - -[0m
[0mGET /api/analytics?range=30days&startDate=2026-06-24T18:30:00.000Z&endDate=2026-07-24T18:29:59.999Z [36m304[0m 7.259 ms - -[0m
[0mGET /api/projects?paginate=false [36m304[0m 4.200 ms - -[0m
[0mGET /api/timer/summary [36m304[0m 2.973 ms - -[0m
[0mGET /api/notifications?page=1&limit=10&search=&sortBy=createdAt&sortOrder=desc&paginate=true [36m304[0m 4.448 ms - -[0m
[0mGET /api/timer/summary [36m304[0m 1.078 ms - -[0m
[0mGET /api/auth/me [36m304[0m 1.848 ms - -[0m
[0mGET /api/auth/me [36m304[0m 1.216 ms - -[0m
[0mGET /api/notes [36m304[0m 2.468 ms - -[0m
[0mGET /api/meetings [36m304[0m 2.439 ms - -[0m
[0mGET /api/invoices?limit=200 [36m304[0m 3.591 ms - -[0m
[0mGET /api/clients?paginate=false [36m304[0m 3.439 ms - -[0m
[0mGET /api/invoices/summary [36m304[0m 4.749 ms - -[0m
[0mGET /api/tasks?paginate=false [36m304[0m 2.422 ms - -[0m
[0mGET /api/projects?paginate=false [36m304[0m 3.626 ms - -[0m
[0mGET /api/analytics?range=30days&startDate=2026-06-24T18:30:00.000Z&endDate=2026-07-24T18:29:59.999Z [36m304[0m 11.365 ms - -[0m
[0mGET /api/activities [36m304[0m 4.961 ms - -[0m
[0mGET /api/timer/active [36m304[0m 5.514 ms - -[0m
[0mGET /api/notifications?page=1&limit=10&search=&sortBy=createdAt&sortOrder=desc&paginate=true [36m304[0m 7.085 ms - -[0m
[0mGET /api/timer/summary [36m304[0m 1.248 ms - -[0m
[0mGET /api/auth/me [36m304[0m 3.664 ms - -[0m
[0mGET /api/auth/me [36m304[0m 2.692 ms - -[0m
[0mGET /api/notes [36m304[0m 8.647 ms - -[0m
[0mGET /api/clients?paginate=false [36m304[0m 8.292 ms - -[0m
[0mGET /api/invoices?limit=200 [36m304[0m 10.326 ms - -[0m
[0mGET /api/meetings [36m304[0m 8.955 ms - -[0m
[0mGET /api/invoices/summary [36m304[0m 11.253 ms - -[0m
[0mGET /api/analytics?range=30days&startDate=2026-06-24T18:30:00.000Z&endDate=2026-07-24T18:29:59.999Z [36m304[0m 15.041 ms - -[0m
[0mGET /api/projects?paginate=false [36m304[0m 5.267 ms - -[0m
[0mGET /api/timer/active [36m304[0m 5.071 ms - -[0m
[0mGET /api/tasks?paginate=false [36m304[0m 6.489 ms - -[0m
[0mGET /api/activities [36m304[0m 2.436 ms - -[0m
[0mGET /api/clients?paginate=false [36m304[0m 2.691 ms - -[0m
[0mGET /api/notes [36m304[0m 3.610 ms - -[0m
[0mGET /api/invoices?limit=200 [36m304[0m 2.580 ms - -[0m
[0mGET /api/meetings [36m304[0m 2.849 ms - -[0m
[0mGET /api/notifications?page=1&limit=10&search=&sortBy=createdAt&sortOrder=desc&paginate=true [36m304[0m 6.589 ms - -[0m
[0mGET /api/projects?paginate=false [36m304[0m 2.556 ms - -[0m
[0mGET /api/timer/active [36m304[0m 1.144 ms - -[0m
[0mGET /api/invoices/summary [36m304[0m 4.978 ms - -[0m
[0mGET /api/tasks?paginate=false [36m304[0m 2.045 ms - -[0m
[0mGET /api/activities [36m304[0m 3.017 ms - -[0m
[0mGET /api/analytics?range=30days&startDate=2026-06-24T18:30:00.000Z&endDate=2026-07-24T18:29:59.999Z [36m304[0m 9.247 ms - -[0m
[0mGET /api/timer/summary [36m304[0m 4.936 ms - -[0m
[0mGET /api/notifications?page=1&limit=10&search=&sortBy=createdAt&sortOrder=desc&paginate=true [36m304[0m 6.123 ms - -[0m
[0mGET /api/timer/summary [36m304[0m 1.381 ms - -[0m
[0mPOST /api/auth/login [32m200[0m 79.393 ms - 321[0m
[0mGET /api/auth/me [36m304[0m 2.095 ms - -[0m
[0mGET /api/invoices?limit=200 [36m304[0m 7.333 ms - -[0m
[0mGET /api/clients?paginate=false [36m304[0m 6.063 ms - -[0m
[0mGET /api/notes [36m304[0m 7.412 ms - -[0m
[0mGET /api/invoices/summary [36m304[0m 10.784 ms - -[0m
[0mGET /api/meetings [36m304[0m 6.692 ms - -[0m
[0mGET /api/analytics?range=30days&startDate=2026-06-24T18:30:00.000Z&endDate=2026-07-24T18:29:59.999Z [36m304[0m 13.679 ms - -[0m
[0mGET /api/projects?paginate=false [36m304[0m 3.968 ms - -[0m
[0mGET /api/tasks?paginate=false [36m304[0m 4.331 ms - -[0m
[0mGET /api/activities [36m304[0m 1.204 ms - -[0m
[0mGET /api/timer/active [36m304[0m 4.107 ms - -[0m
[0mGET /api/notifications?page=1&limit=10&search=&sortBy=createdAt&sortOrder=desc&paginate=true [36m304[0m 3.234 ms - -[0m
[0mGET /api/timer/summary [36m304[0m 1.649 ms - -[0m
Status code 400 - Error: User already exists Error: User already exists
    at registerUser (file:///Users/venkataraju/Desktop/freelance-pro-react/backend/controllers/authController.js:27:19)
    at process.processTicksAndRejections (node:internal/process/task_queues:104:5)
[0mPOST /api/auth/register [33m400[0m 5.359 ms - 61[0m
[0mPOST /api/auth/register [32m201[0m 80.073 ms - 328[0m
[0mPOST /api/auth/login [32m200[0m 78.383 ms - 316[0m
[0mGET /api/auth/me [32m200[0m 1.757 ms - 663[0m
[0mGET /api/invoices?limit=200 [36m304[0m 6.748 ms - -[0m
[0mGET /api/projects?paginate=false [36m304[0m 5.247 ms - -[0m
[0mGET /api/notes [36m304[0m 7.151 ms - -[0m
[0mGET /api/invoices/summary [36m304[0m 9.515 ms - -[0m
[0mGET /api/tasks?paginate=false [36m304[0m 8.335 ms - -[0m
[0mGET /api/timer/active [36m304[0m 2.889 ms - -[0m
[0mGET /api/analytics?range=30days&startDate=2026-06-24T18:30:00.000Z&endDate=2026-07-24T18:29:59.999Z [36m304[0m 14.081 ms - -[0m
[0mGET /api/clients?paginate=false [36m304[0m 4.915 ms - -[0m
[0mGET /api/activities [36m304[0m 6.437 ms - -[0m
[0mGET /api/meetings [36m304[0m 2.208 ms - -[0m
[0mGET /api/notifications?page=1&limit=10&search=&sortBy=createdAt&sortOrder=desc&paginate=true [36m304[0m 6.004 ms - -[0m
[0mGET /api/timer/summary [36m304[0m 1.166 ms - -[0m
[0mGET /api/notifications?page=1&limit=10&search=&sortBy=createdAt&sortOrder=desc&paginate=true [36m304[0m 6.457 ms - -[0m
[0mGET /api/notifications?page=1&limit=10&search=&sortBy=createdAt&sortOrder=desc&paginate=true [36m304[0m 3.823 ms - -[0m
[0mGET /api/activities [36m304[0m 1.552 ms - -[0m
[0mGET /api/activities [36m304[0m 1.373 ms - -[0m
[0mGET /api/tasks?paginate=false [36m304[0m 1.594 ms - -[0m
[0mGET /api/timer/active [36m304[0m 2.328 ms - -[0m
[0mGET /api/tasks?paginate=false [36m304[0m 1.657 ms - -[0m
[0mGET /api/timer/active [36m304[0m 1.430 ms - -[0m
[0mGET /api/timer/summary [36m304[0m 2.225 ms - -[0m
[0mGET /api/projects?paginate=false [36m304[0m 1.474 ms - -[0m
[0mGET /api/timer/summary [36m304[0m 1.156 ms - -[0m
[0mGET /api/projects?paginate=false [36m304[0m 1.058 ms - -[0m
[0mGET /api/clients?paginate=false [36m304[0m 1.498 ms - -[0m
[0mGET /api/clients?paginate=false [36m304[0m 1.249 ms - -[0m
[0mGET /api/meetings [36m304[0m 1.268 ms - -[0m
[0mGET /api/meetings [36m304[0m 1.143 ms - -[0m
[0mGET /api/notes [36m304[0m 1.431 ms - -[0m
[0mGET /api/notes [36m304[0m 1.324 ms - -[0m
[0mGET /api/invoices?limit=200 [36m304[0m 2.981 ms - -[0m
[0mGET /api/invoices/summary [36m304[0m 3.542 ms - -[0m
[0mGET /api/analytics?range=30days&startDate=2026-06-24T18:30:00.000Z&endDate=2026-07-24T18:29:59.999Z [36m304[0m 6.729 ms - -[0m
[0mGET /api/invoices?limit=200 [36m304[0m 3.606 ms - -[0m
[0mGET /api/invoices/summary [36m304[0m 11.144 ms - -[0m
[0mGET /api/analytics?range=30days&startDate=2026-06-24T18:30:00.000Z&endDate=2026-07-24T18:29:59.999Z [36m304[0m 12.409 ms - -[0m
[0mGET /api/auth/me [36m304[0m 5.080 ms - -[0m
[0mGET /api/auth/me [36m304[0m 2.117 ms - -[0m
[0mGET /api/invoices/summary [36m304[0m 16.041 ms - -[0m
[0mGET /api/invoices?limit=200 [36m304[0m 15.434 ms - -[0m
[0mGET /api/analytics?range=30days&startDate=2026-06-24T18:30:00.000Z&endDate=2026-07-24T18:29:59.999Z [36m304[0m 25.768 ms - -[0m
[0mGET /api/notes [36m304[0m 13.720 ms - -[0m
[0mGET /api/clients?paginate=false [36m304[0m 12.343 ms - -[0m
[0mGET /api/meetings [36m304[0m 14.309 ms - -[0m
[0mGET /api/tasks?paginate=false [36m304[0m 2.914 ms - -[0m
[0mGET /api/projects?paginate=false [36m304[0m 3.501 ms - -[0m
[0mGET /api/timer/active [36m304[0m 5.261 ms - -[0m
[0mGET /api/activities [36m304[0m 5.477 ms - -[0m
[0mGET /api/notifications?page=1&limit=10&search=&sortBy=createdAt&sortOrder=desc&paginate=true [36m304[0m 12.031 ms - -[0m
[0mGET /api/timer/summary [36m304[0m 1.759 ms - -[0m
[0mGET /api/auth/me [36m304[0m 9.318 ms - -[0m
[0mGET /api/auth/me [36m304[0m 1.612 ms - -[0m
[0mGET /api/invoices?limit=200 [36m304[0m 5.786 ms - -[0m
[0mGET /api/meetings [36m304[0m 4.839 ms - -[0m
[0mGET /api/notes [36m304[0m 6.366 ms - -[0m
[0mGET /api/invoices/summary [36m304[0m 7.735 ms - -[0m
[0mGET /api/clients?paginate=false [36m304[0m 6.836 ms - -[0m
[0mGET /api/analytics?range=30days&startDate=2026-06-24T18:30:00.000Z&endDate=2026-07-24T18:29:59.999Z [36m304[0m 13.870 ms - -[0m
[0mGET /api/tasks?paginate=false [36m304[0m 3.887 ms - -[0m
[0mGET /api/timer/active [36m304[0m 5.371 ms - -[0m
[0mGET /api/projects?paginate=false [36m304[0m 4.774 ms - -[0m
[0mGET /api/activities [36m304[0m 4.902 ms - -[0m
[0mGET /api/notifications?page=1&limit=10&search=&sortBy=createdAt&sortOrder=desc&paginate=true [36m304[0m 19.444 ms - -[0m
[0mGET /api/timer/summary [36m304[0m 3.413 ms - -[0m
[0mGET /api/auth/me [36m304[0m 4.795 ms - -[0m
[0mGET /api/auth/me [36m304[0m 2.213 ms - -[0m
[0mGET /api/notes [36m304[0m 3.970 ms - -[0m
[0mGET /api/meetings [36m304[0m 4.635 ms - -[0m
[0mGET /api/invoices?limit=200 [36m304[0m 6.024 ms - -[0m
[0mGET /api/clients?paginate=false [36m304[0m 5.262 ms - -[0m
[0mGET /api/invoices/summary [36m304[0m 7.160 ms - -[0m
[0mGET /api/projects?paginate=false [36m304[0m 19.790 ms - -[0m
[0mGET /api/activities [36m304[0m 26.507 ms - -[0m
[0mGET /api/tasks?paginate=false [36m304[0m 34.434 ms - -[0m
[0mGET /api/analytics?range=30days&startDate=2026-06-24T18:30:00.000Z&endDate=2026-07-24T18:29:59.999Z [36m304[0m 55.899 ms - -[0m
[0mGET /api/timer/active [36m304[0m 24.545 ms - -[0m
[0mGET /api/notifications?page=1&limit=10&search=&sortBy=createdAt&sortOrder=desc&paginate=true [36m304[0m 53.124 ms - -[0m
[0mGET /api/timer/summary [36m304[0m 3.537 ms - -[0m
[0mGET /api/auth/me [36m304[0m 7.689 ms - -[0m
[0mGET /api/auth/me [36m304[0m 1.644 ms - -[0m
[0mGET /api/clients?paginate=false [36m304[0m 6.119 ms - -[0m
[0mGET /api/invoices?limit=200 [36m304[0m 8.522 ms - -[0m
[0mGET /api/notes [36m304[0m 7.327 ms - -[0m
[0mGET /api/invoices/summary [36m304[0m 8.779 ms - -[0m
[0mGET /api/meetings [36m304[0m 7.836 ms - -[0m
[0mGET /api/analytics?range=30days&startDate=2026-06-24T18:30:00.000Z&endDate=2026-07-24T18:29:59.999Z [36m304[0m 16.318 ms - -[0m
[0mGET /api/projects?paginate=false [36m304[0m 6.163 ms - -[0m
[0mGET /api/tasks?paginate=false [36m304[0m 5.908 ms - -[0m
[0mGET /api/notes [36m304[0m 2.929 ms - -[0m
[0mGET /api/clients?paginate=false [36m304[0m 4.100 ms - -[0m
[0mGET /api/timer/active [36m304[0m 2.104 ms - -[0m
[0mGET /api/invoices/summary [36m304[0m 5.301 ms - -[0m
[0mGET /api/invoices?limit=200 [36m304[0m 4.402 ms - -[0m
[0mGET /api/meetings [36m304[0m 3.381 ms - -[0m
[0mGET /api/activities [36m304[0m 5.630 ms - -[0m
[0mGET /api/timer/active [36m304[0m 22.495 ms - -[0m
[0mGET /api/tasks?paginate=false [36m304[0m 39.917 ms - -[0m
[0mGET /api/projects?paginate=false [36m304[0m 42.550 ms - -[0m
[0mGET /api/notifications?page=1&limit=10&search=&sortBy=createdAt&sortOrder=desc&paginate=true [36m304[0m 48.697 ms - -[0m
[0mGET /api/activities [36m304[0m 12.300 ms - -[0m
[0mGET /api/analytics?range=30days&startDate=2026-06-24T18:30:00.000Z&endDate=2026-07-24T18:29:59.999Z [36m304[0m 49.184 ms - -[0m
[0mGET /api/timer/summary [36m304[0m 2.908 ms - -[0m
[0mGET /api/notifications?page=1&limit=10&search=&sortBy=createdAt&sortOrder=desc&paginate=true [36m304[0m 8.011 ms - -[0m
[0mGET /api/timer/summary [36m304[0m 3.789 ms - -[0m
[0mGET /api/auth/me [36m304[0m 3.322 ms - -[0m
[0mGET /api/auth/me [36m304[0m 2.579 ms - -[0m
[0mGET /api/projects?paginate=false [36m304[0m 3.862 ms - -[0m
[0mGET /api/tasks?paginate=false [36m304[0m 3.565 ms - -[0m
[0mGET /api/timer/active [36m304[0m 3.208 ms - -[0m
[0mGET /api/activities [36m304[0m 3.344 ms - -[0m
[0mGET /api/clients?paginate=false [36m304[0m 5.921 ms - -[0m
[0mGET /api/clients?paginate=false [36m304[0m 4.920 ms - -[0m
[0mGET /api/projects?paginate=false [36m304[0m 4.301 ms - -[0m
[0mGET /api/timer/active [36m304[0m 3.814 ms - -[0m
[0mGET /api/notifications?page=1&limit=10&search=&sortBy=createdAt&sortOrder=desc&paginate=true [36m304[0m 11.718 ms - -[0m
[0mGET /api/tasks?paginate=false [36m304[0m 4.526 ms - -[0m
[0mGET /api/activities [36m304[0m 6.794 ms - -[0m
[0mGET /api/meetings [36m304[0m 2.962 ms - -[0m
[0mGET /api/timer/summary [36m304[0m 3.656 ms - -[0m
[0mGET /api/clients?paginate=false [36m304[0m 4.374 ms - -[0m
[0mGET /api/notifications?page=1&limit=10&search=&sortBy=createdAt&sortOrder=desc&paginate=true [36m304[0m 3.929 ms - -[0m
[0mGET /api/meetings [36m304[0m 2.139 ms - -[0m
[0mGET /api/timer/summary [36m304[0m 2.652 ms - -[0m
[0mGET /api/notes [36m304[0m 1.678 ms - -[0m
[0mGET /api/notes [36m304[0m 1.411 ms - -[0m
[0mGET /api/invoices?limit=200 [36m304[0m 3.365 ms - -[0m
[0mGET /api/invoices/summary [36m304[0m 3.163 ms - -[0m
[0mGET /api/analytics?range=30days&startDate=2026-06-24T18:30:00.000Z&endDate=2026-07-24T18:29:59.999Z [36m304[0m 6.608 ms - -[0m
[0mGET /api/invoices?limit=200 [36m304[0m 2.943 ms - -[0m
[0mGET /api/invoices/summary [36m304[0m 4.186 ms - -[0m
[0mGET /api/analytics?range=30days&startDate=2026-06-24T18:30:00.000Z&endDate=2026-07-24T18:29:59.999Z [36m304[0m 17.669 ms - -[0m
[0mGET /api/notifications?page=1&limit=10&search=&sortBy=createdAt&sortOrder=desc&paginate=true [36m304[0m 8.889 ms - -[0m
[0mGET /api/notifications?page=1&limit=10&search=&sortBy=createdAt&sortOrder=desc&paginate=true [36m304[0m 3.505 ms - -[0m
[0mGET /api/activities [36m304[0m 2.120 ms - -[0m
[0mGET /api/activities [36m304[0m 1.202 ms - -[0m
[0mGET /api/timer/active [36m304[0m 2.234 ms - -[0m
[0mGET /api/tasks?paginate=false [36m304[0m 1.779 ms - -[0m
[0mGET /api/tasks?paginate=false [36m304[0m 1.043 ms - -[0m
[0mGET /api/timer/active [36m304[0m 1.641 ms - -[0m
[0mGET /api/timer/summary [36m304[0m 2.057 ms - -[0m
[0mGET /api/projects?paginate=false [36m304[0m 1.237 ms - -[0m
[0mGET /api/timer/summary [36m304[0m 0.999 ms - -[0m
[0mGET /api/projects?paginate=false [36m304[0m 1.152 ms - -[0m
[0mGET /api/clients?paginate=false [36m304[0m 1.580 ms - -[0m
[0mGET /api/clients?paginate=false [36m304[0m 1.337 ms - -[0m
[0mGET /api/meetings [36m304[0m 1.295 ms - -[0m
[0mGET /api/meetings [36m304[0m 1.201 ms - -[0m
[0mGET /api/notes [36m304[0m 1.331 ms - -[0m
[0mGET /api/notes [36m304[0m 1.176 ms - -[0m
[0mGET /api/invoices?limit=200 [36m304[0m 4.383 ms - -[0m
[0mGET /api/analytics?range=30days&startDate=2026-06-24T18:30:00.000Z&endDate=2026-07-24T18:29:59.999Z [36m304[0m 10.620 ms - -[0m
[0mGET /api/invoices/summary [36m304[0m 9.517 ms - -[0m
[0mGET /api/invoices?limit=200 [36m304[0m 8.369 ms - -[0m
[0mGET /api/invoices/summary [36m304[0m 5.612 ms - -[0m
[0mGET /api/analytics?range=30days&startDate=2026-06-24T18:30:00.000Z&endDate=2026-07-24T18:29:59.999Z [36m304[0m 9.542 ms - -[0m
[0mGET /api/auth/me [36m304[0m 5.883 ms - -[0m
[0mGET /api/auth/me [36m304[0m 1.841 ms - -[0m
[0mGET /api/projects?paginate=false [36m304[0m 15.102 ms - -[0m
[0mGET /api/timer/active [36m304[0m 6.012 ms - -[0m
[0mGET /api/invoices?limit=200 [36m304[0m 15.552 ms - -[0m
[0mGET /api/tasks?paginate=false [36m304[0m 8.793 ms - -[0m
[0mGET /api/analytics?range=30days&startDate=2026-06-24T18:30:00.000Z&endDate=2026-07-24T18:29:59.999Z [36m304[0m 29.238 ms - -[0m
[0mGET /api/invoices/summary [36m304[0m 18.428 ms - -[0m
[0mGET /api/notes [36m304[0m 11.345 ms - -[0m
[0mGET /api/meetings [36m304[0m 1.665 ms - -[0m
[0mGET /api/activities [36m304[0m 3.141 ms - -[0m
[0mGET /api/clients?paginate=false [36m304[0m 1.559 ms - -[0m
[0mGET /api/notifications?page=1&limit=10&search=&sortBy=createdAt&sortOrder=desc&paginate=true [36m304[0m 4.806 ms - -[0m
[0mGET /api/timer/summary [36m304[0m 2.628 ms - -[0m
[0mGET /api/notes [36m304[0m 3.245 ms - -[0m
[0mGET /api/invoices?limit=200 [36m304[0m 4.786 ms - -[0m
[0mGET /api/meetings [36m304[0m 4.399 ms - -[0m
[0mGET /api/clients?paginate=false [36m304[0m 5.394 ms - -[0m
[0mGET /api/invoices/summary [36m304[0m 7.211 ms - -[0m
[0mGET /api/analytics?range=30days&startDate=2026-06-24T18:30:00.000Z&endDate=2026-07-24T18:29:59.999Z [36m304[0m 10.563 ms - -[0m
[0mGET /api/projects?paginate=false [36m304[0m 3.755 ms - -[0m
[0mGET /api/tasks?paginate=false [36m304[0m 4.298 ms - -[0m
[0mGET /api/timer/active [36m304[0m 3.972 ms - -[0m
[0mGET /api/activities [36m304[0m 4.641 ms - -[0m
[0mGET /api/notifications?page=1&limit=10&search=&sortBy=createdAt&sortOrder=desc&paginate=true [36m304[0m 4.321 ms - -[0m
[0mGET /api/timer/summary [36m304[0m 1.893 ms - -[0m
[0mPOST /api/auth/logout [32m200[0m 0.430 ms - 64[0m
Status code 400 - Error: User already exists Error: User already exists
    at registerUser (file:///Users/venkataraju/Desktop/freelance-pro-react/backend/controllers/authController.js:27:19)
    at process.processTicksAndRejections (node:internal/process/task_queues:104:5)
[0mPOST /api/auth/register [33m400[0m 3.705 ms - 61[0m
[0mPOST /api/auth/login [32m200[0m 76.959 ms - 316[0m
[0mGET /api/auth/me [32m200[0m 1.722 ms - 665[0m
[0mGET /api/invoices?limit=200 [36m304[0m 5.886 ms - -[0m
[0mGET /api/notes [36m304[0m 4.183 ms - -[0m
[0mGET /api/meetings [36m304[0m 4.953 ms - -[0m
[0mGET /api/invoices/summary [36m304[0m 6.826 ms - -[0m
[0mGET /api/clients?paginate=false [36m304[0m 5.304 ms - -[0m
[0mGET /api/timer/active [36m304[0m 2.661 ms - -[0m
[0mGET /api/analytics?range=30days&startDate=2026-06-24T18:30:00.000Z&endDate=2026-07-24T18:29:59.999Z [36m304[0m 12.615 ms - -[0m
[0mGET /api/tasks?paginate=false [36m304[0m 5.975 ms - -[0m
[0mGET /api/projects?paginate=false [36m304[0m 4.636 ms - -[0m
[0mGET /api/activities [36m304[0m 3.620 ms - -[0m
[0mGET /api/notifications?page=1&limit=10&search=&sortBy=createdAt&sortOrder=desc&paginate=true [36m304[0m 5.323 ms - -[0m
[0mGET /api/timer/summary [36m304[0m 2.014 ms - -[0m
[0mPOST /api/auth/logout [32m200[0m 1.708 ms - 64[0m
Status code 401 - Error: Invalid email or password Error: Invalid email or password
    at loginUser (file:///Users/venkataraju/Desktop/freelance-pro-react/backend/controllers/authController.js:79:19)
[0mPOST /api/auth/login [33m401[0m 73.130 ms - 67[0m
Status code 401 - Error: Invalid email or password Error: Invalid email or password
    at loginUser (file:///Users/venkataraju/Desktop/freelance-pro-react/backend/controllers/authController.js:79:19)
[0mPOST /api/auth/login [33m401[0m 78.912 ms - 67[0m
Status code 400 - Error: User already exists Error: User already exists
    at registerUser (file:///Users/venkataraju/Desktop/freelance-pro-react/backend/controllers/authController.js:27:19)
    at process.processTicksAndRejections (node:internal/process/task_queues:104:5)
[0mPOST /api/auth/register [33m400[0m 4.992 ms - 61[0m
[0mPOST /api/auth/register [32m201[0m 79.450 ms - 328[0m
[0mPOST /api/auth/login [32m200[0m 81.811 ms - 316[0m
[0mGET /api/auth/me [32m200[0m 1.710 ms - 663[0m
[0mGET /api/meetings [36m304[0m 7.114 ms - -[0m
[0mGET /api/tasks?paginate=false [36m304[0m 2.619 ms - -[0m
[0mGET /api/invoices/summary [36m304[0m 8.084 ms - -[0m
[0mGET /api/notes [36m304[0m 8.151 ms - -[0m
[0mGET /api/invoices?limit=200 [36m304[0m 13.801 ms - -[0m
[0mGET /api/timer/active [36m304[0m 3.158 ms - -[0m
[0mGET /api/analytics?range=30days&startDate=2026-06-24T18:30:00.000Z&endDate=2026-07-24T18:29:59.999Z [36m304[0m 14.579 ms - -[0m
[0mGET /api/clients?paginate=false [36m304[0m 6.839 ms - -[0m
[0mGET /api/activities [36m304[0m 4.412 ms - -[0m
[0mGET /api/projects?paginate=false [36m304[0m 6.037 ms - -[0m
[0mGET /api/notifications?page=1&limit=10&search=&sortBy=createdAt&sortOrder=desc&paginate=true [36m304[0m 37.175 ms - -[0m
[0mGET /api/timer/summary [36m304[0m 2.386 ms - -[0m
[0mPUT /api/auth/me [32m200[0m 8.414 ms - 657[0m
[0mGET /api/projects?paginate=false [36m304[0m 6.936 ms - -[0m
[0mGET /api/invoices?limit=200 [36m304[0m 12.157 ms - -[0m
[0mGET /api/notes [36m304[0m 7.869 ms - -[0m
[0mGET /api/invoices/summary [36m304[0m 9.735 ms - -[0m
[0mGET /api/analytics?range=30days&startDate=2026-06-24T18:30:00.000Z&endDate=2026-07-24T18:29:59.999Z [36m304[0m 21.990 ms - -[0m
[0mGET /api/clients?paginate=false [36m304[0m 4.201 ms - -[0m
[0mGET /api/meetings [36m304[0m 13.336 ms - -[0m
[0mGET /api/tasks?paginate=false [36m304[0m 6.180 ms - -[0m
[0mGET /api/activities [36m304[0m 4.131 ms - -[0m
[0mGET /api/timer/active [36m304[0m 5.653 ms - -[0m
[0mGET /api/notifications?page=1&limit=10&search=&sortBy=createdAt&sortOrder=desc&paginate=true [36m304[0m 3.106 ms - -[0m
[0mGET /api/timer/summary [36m304[0m 1.583 ms - -[0m
[0mGET /api/auth/me [32m200[0m 8.253 ms - 664[0m
[0mGET /api/auth/me [36m304[0m 2.101 ms - -[0m
[0mGET /api/timer/active [36m304[0m 3.611 ms - -[0m
[0mGET /api/projects?paginate=false [36m304[0m 5.150 ms - -[0m
[0mGET /api/invoices?limit=200 [36m304[0m 6.518 ms - -[0m
[0mGET /api/tasks?paginate=false [36m304[0m 4.531 ms - -[0m
[0mGET /api/analytics?range=30days&startDate=2026-06-24T18:30:00.000Z&endDate=2026-07-24T18:29:59.999Z [36m304[0m 10.276 ms - -[0m
[0mGET /api/invoices/summary [36m304[0m 9.146 ms - -[0m
[0mGET /api/meetings [36m304[0m 2.711 ms - -[0m
[0mGET /api/activities [36m304[0m 2.502 ms - -[0m
[0mGET /api/clients?paginate=false [36m304[0m 5.295 ms - -[0m
[0mGET /api/notes [36m304[0m 6.030 ms - -[0m
[0mGET /api/notifications?page=1&limit=10&search=&sortBy=createdAt&sortOrder=desc&paginate=true [36m304[0m 3.863 ms - -[0m
[0mGET /api/timer/summary [36m304[0m 1.497 ms - -[0m
[0mGET /api/notes [36m304[0m 3.563 ms - -[0m
[0mGET /api/invoices?limit=200 [36m304[0m 5.088 ms - -[0m
[0mGET /api/meetings [36m304[0m 3.769 ms - -[0m
[0mGET /api/clients?paginate=false [36m304[0m 3.699 ms - -[0m
[0mGET /api/invoices/summary [36m304[0m 5.209 ms - -[0m
[0mGET /api/projects?paginate=false [36m304[0m 2.244 ms - -[0m
[0mGET /api/analytics?range=30days&startDate=2026-06-24T18:30:00.000Z&endDate=2026-07-24T18:29:59.999Z [36m304[0m 13.089 ms - -[0m
[0mGET /api/timer/active [36m304[0m 5.240 ms - -[0m
[0mGET /api/activities [36m304[0m 4.642 ms - -[0m
[0mGET /api/tasks?paginate=false [36m304[0m 5.723 ms - -[0m
[0mGET /api/notifications?page=1&limit=10&search=&sortBy=createdAt&sortOrder=desc&paginate=true [36m304[0m 6.322 ms - -[0m
[0mGET /api/timer/summary [36m304[0m 13.865 ms - -[0m
[0mPOST /api/auth/logout [32m200[0m 0.449 ms - 64[0m
[0mPOST /api/auth/register [32m201[0m 75.622 ms - 331[0m
[0mPOST /api/auth/login [32m200[0m 85.987 ms - 319[0m
[0mGET /api/auth/me [32m200[0m 1.956 ms - 670[0m
[0mGET /api/tasks?paginate=false [36m304[0m 5.211 ms - -[0m
[0mGET /api/invoices?limit=200 [36m304[0m 6.227 ms - -[0m
[0mGET /api/clients?paginate=false [36m304[0m 6.115 ms - -[0m
[0mGET /api/notes [36m304[0m 6.180 ms - -[0m
[0mGET /api/invoices/summary [36m304[0m 8.370 ms - -[0m
[0mGET /api/analytics?range=30days&startDate=2026-06-24T18:30:00.000Z&endDate=2026-07-24T18:29:59.999Z [36m304[0m 14.580 ms - -[0m
[0mGET /api/activities [36m304[0m 5.391 ms - -[0m
[0mGET /api/timer/active [36m304[0m 7.140 ms - -[0m
[0mGET /api/meetings [36m304[0m 7.201 ms - -[0m
[0mGET /api/projects?paginate=false [36m304[0m 2.539 ms - -[0m
[0mGET /api/notifications?page=1&limit=10&search=&sortBy=createdAt&sortOrder=desc&paginate=true [36m304[0m 8.665 ms - -[0m
[0mGET /api/timer/summary [36m304[0m 1.689 ms - -[0m
[0mPUT /api/auth/me [32m200[0m 6.695 ms - 664[0m
[0mGET /api/notes [36m304[0m 3.634 ms - -[0m
[0mGET /api/invoices?limit=200 [36m304[0m 9.892 ms - -[0m
[0mGET /api/meetings [36m304[0m 8.749 ms - -[0m
[0mGET /api/invoices/summary [36m304[0m 26.291 ms - -[0m
[0mGET /api/clients?paginate=false [36m304[0m 25.584 ms - -[0m
[0mGET /api/analytics?range=30days&startDate=2026-06-24T18:30:00.000Z&endDate=2026-07-24T18:29:59.999Z [36m304[0m 36.452 ms - -[0m
[0mGET /api/tasks?paginate=false [36m304[0m 3.910 ms - -[0m
[0mGET /api/projects?paginate=false [36m304[0m 21.025 ms - -[0m
[0mGET /api/timer/active [36m304[0m 6.082 ms - -[0m
[0mGET /api/activities [36m304[0m 6.739 ms - -[0m
[0mGET /api/notifications?page=1&limit=10&search=&sortBy=createdAt&sortOrder=desc&paginate=true [36m304[0m 8.934 ms - -[0m
[0mGET /api/timer/summary [36m304[0m 1.369 ms - -[0m
[0mPOST /api/auth/login [32m200[0m 103.279 ms - 324[0m
[0mPOST /api/auth/register [32m201[0m 63.135 ms - 340[0m
[0mPOST /api/auth/register [32m201[0m 81.180 ms - 343[0m
[0mGET /api/auth/me [32m200[0m 12.266 ms - 671[0m
[0mGET /api/auth/me [36m304[0m 2.780 ms - -[0m
[0mGET /api/timer/active [36m304[0m 7.169 ms - -[0m
[0mGET /api/clients?paginate=false [36m304[0m 14.246 ms - -[0m
[0mGET /api/invoices/summary [36m304[0m 25.604 ms - -[0m
[0mGET /api/notes [36m304[0m 4.194 ms - -[0m
[0mGET /api/invoices?limit=200 [36m304[0m 32.023 ms - -[0m
[0mGET /api/analytics?range=30days&startDate=2026-06-24T18:30:00.000Z&endDate=2026-07-24T18:29:59.999Z [36m304[0m 30.600 ms - -[0m
[0mGET /api/tasks?paginate=false [36m304[0m 8.981 ms - -[0m
[0mGET /api/timer/active [36m304[0m 3.987 ms - -[0m
[0mGET /api/meetings [36m304[0m 3.908 ms - -[0m
[0mGET /api/projects?paginate=false [36m304[0m 4.748 ms - -[0m
[0mGET /api/activities [36m304[0m 5.104 ms - -[0m
[0mGET /api/notifications?page=1&limit=10&search=&sortBy=createdAt&sortOrder=desc&paginate=true [36m304[0m 10.530 ms - -[0m
[0mGET /api/clients?paginate=false [36m304[0m 6.317 ms - -[0m
[0mGET /api/invoices/summary [36m304[0m 7.322 ms - -[0m
[0mGET /api/invoices?limit=200 [36m304[0m 6.865 ms - -[0m
[0mGET /api/notes [36m304[0m 5.385 ms - -[0m
[0mGET /api/meetings [36m304[0m 5.855 ms - -[0m
[0mGET /api/tasks?paginate=false [36m304[0m 6.273 ms - -[0m
[0mGET /api/activities [36m304[0m 3.802 ms - -[0m
[0mGET /api/projects?paginate=false [36m304[0m 4.482 ms - -[0m
[0mGET /api/analytics?range=30days&startDate=2026-06-24T18:30:00.000Z&endDate=2026-07-24T18:29:59.999Z [36m304[0m 31.625 ms - -[0m
[0mGET /api/timer/summary [36m304[0m 26.899 ms - -[0m
[0mGET /api/notifications?page=1&limit=10&search=&sortBy=createdAt&sortOrder=desc&paginate=true [36m304[0m 30.624 ms - -[0m
[0mGET /api/timer/summary [36m304[0m 2.343 ms - -[0m
[0mGET /api/auth/me [36m304[0m 2.936 ms - -[0m
[0mGET /api/auth/me [36m304[0m 3.772 ms - -[0m
[0mGET /api/meetings [36m304[0m 4.279 ms - -[0m
[0mGET /api/notes [36m304[0m 5.484 ms - -[0m
[0mGET /api/invoices/summary [36m304[0m 7.798 ms - -[0m
[0mGET /api/invoices?limit=200 [36m304[0m 8.874 ms - -[0m
[0mGET /api/clients?paginate=false [36m304[0m 6.568 ms - -[0m
[0mGET /api/analytics?range=30days&startDate=2026-06-24T18:30:00.000Z&endDate=2026-07-24T18:29:59.999Z [36m304[0m 16.314 ms - -[0m
[0mGET /api/projects?paginate=false [36m304[0m 2.481 ms - -[0m
[0mGET /api/timer/active [36m304[0m 2.688 ms - -[0m
[0mGET /api/tasks?paginate=false [36m304[0m 3.416 ms - -[0m
[0mGET /api/activities [36m304[0m 2.662 ms - -[0m
[0mGET /api/notifications?page=1&limit=10&search=&sortBy=createdAt&sortOrder=desc&paginate=true [36m304[0m 4.095 ms - -[0m
[0mGET /api/timer/summary [36m304[0m 2.911 ms - -[0m
